16:51:22 **** Rebuild of configuration Debug for project laserGame_tx ****
Info: Internal Builder is used for build
arm-atollic-eabi-gcc -c -mthumb -mcpu=cortex-m0 -g -Wa,--warn -x assembler-with-cpp -specs=nano.specs -o cmsis\device\src\startup_stm32f072xb.o ..\cmsis\device\src\startup_stm32f072xb.s 
arm-atollic-eabi-gcc -c ..\app\src\main.c -mthumb -mcpu=cortex-m0 -std=gnu11 -DSTM32F072xB -IP:\S6\projectS6_laserGame\laserGame_tx\app\inc -IP:\S6\projectS6_laserGame\laserGame_tx\bsp\inc -IP:\S6\projectS6_laserGame\laserGame_tx\cmsis\core -IP:\S6\projectS6_laserGame\laserGame_tx\cmsis\device\inc -O0 -g -fstack-usage -Wall -specs=nano.specs -o app\src\main.o 
arm-atollic-eabi-gcc -c ..\app\src\stm32f0xx_it.c -mthumb -mcpu=cortex-m0 -std=gnu11 -DSTM32F072xB -IP:\S6\projectS6_laserGame\laserGame_tx\app\inc -IP:\S6\projectS6_laserGame\laserGame_tx\bsp\inc -IP:\S6\projectS6_laserGame\laserGame_tx\cmsis\core -IP:\S6\projectS6_laserGame\laserGame_tx\cmsis\device\inc -O0 -g -fstack-usage -Wall -specs=nano.specs -o app\src\stm32f0xx_it.o 
arm-atollic-eabi-gcc -c ..\cmsis\device\src\system_stm32f0xx.c -mthumb -mcpu=cortex-m0 -std=gnu11 -DSTM32F072xB -IP:\S6\projectS6_laserGame\laserGame_tx\app\inc -IP:\S6\projectS6_laserGame\laserGame_tx\bsp\inc -IP:\S6\projectS6_laserGame\laserGame_tx\cmsis\core -IP:\S6\projectS6_laserGame\laserGame_tx\cmsis\device\inc -O0 -g -fstack-usage -Wall -specs=nano.specs -o cmsis\device\src\system_stm32f0xx.o 
arm-atollic-eabi-gcc -o laserGame_tx.elf app\src\main.o app\src\stm32f0xx_it.o cmsis\device\src\startup_stm32f072xb.o cmsis\device\src\system_stm32f0xx.o -mthumb -mcpu=cortex-m0 -TP:\S6\projectS6_laserGame\laserGame_tx\Debug_STM32F072RB_FLASH.ld -specs=nosys.specs -static -Wl,-cref,-u,Reset_Handler -Wl,-Map=laserGame_tx.map -Wl,--defsym=malloc_getpagesize_P=0x80 -Wl,--start-group -lc -lm -Wl,--end-group -specs=nano.specs 
C:\Atollic\TrueSTUDIO for STM32 9.3.0\ide\jre\bin\java -jar C:\Atollic\TrueSTUDIO for STM32 9.3.0\Tools\arm-atollic-reports.jar sizeinfo list laserGame_tx.elf 
Generate build reports...
Print size information
   text	   data	    bss	    dec	    hex	filename
   1236	     16	    156	   1408	    580	laserGame_tx.elf
Print size information done
Generate listing file
Output sent to: laserGame_tx.list
Generate listing file done
Generate build reports done
Info: Nothing to build for laserGame_tx
